// Jest Snapshot v1, https://goo.gl/fbAQLP

exports[`Message render component with snaphshot 1`] = `
<DocumentFragment>
  <div
    class="message "
  >
    <p
      class="message__author"
    >
      One
    </p>
    <p
      class="message__message"
    >
      Hello world
    </p>
  </div>
</DocumentFragment>
`;
